// Jest Snapshot v1, https://goo.gl/fbAQLP

exports[`<Container/> should render a <Container/> 1`] = `
<Container
  className="CustomClass"
>
  <div
    className="container CustomClass"
  >
    <p>
      Corpo
    </p>
     
  </div>
</Container>
`;
